C51 COMPILER V9.51   USBFS_BOOT                                                            10/22/2015 22:07:37 PAGE 1   


C51 COMPILER V9.51, COMPILATION OF MODULE USBFS_BOOT
OBJECT MODULE PLACED IN .\DP8051\DP8051_Keil_951\Debug\USBFS_boot.obj
COMPILER INVOKED BY: C:\Program Files (x86)\Cypress\PSoC Creator\3.3\PSoC Creator\import\keil\pk51\9.51\C51\BIN\c51.exe 
                    -.\Generated_Source\PSoC3\USBFS_boot.c NOIV LARGE MODDP2 OMF2 VB(1) NOIP INCDIR(.,Generated_Source\PSoC3) FF(3) DB WL(2) 
                    -PR(.\DP8051\DP8051_Keil_951\Debug/USBFS_boot.lst) CD OT(5,SIZE) OJ(.\DP8051\DP8051_Keil_951\Debug\USBFS_boot.obj)

line level    source

   1          /*******************************************************************************
   2          * File Name: USBFS_boot.c
   3          * Version 2.80
   4          *
   5          * Description:
   6          *  Boot loader API for USBFS Component.
   7          *
   8          *  Note:
   9          *
  10          ********************************************************************************
  11          * Copyright 2008-2014, Cypress Semiconductor Corporation.  All rights reserved.
  12          * You may use this file only in accordance with the license, terms, conditions,
  13          * disclaimers, and limitations in the end user license agreement accompanying
  14          * the software package with which this file was provided.
  15          *******************************************************************************/
  16          
  17          #include "USBFS.h"
  18          
  19          #if defined(CYDEV_BOOTLOADER_IO_COMP) && ((CYDEV_BOOTLOADER_IO_COMP == CyBtldr_USBFS) || \
  20                                                    (CYDEV_BOOTLOADER_IO_COMP == CyBtldr_Custom_Interface))
              
              
              /***************************************
              *    Bootloader Variables
              ***************************************/
              
              static uint8  USBFS_started = 0u;
              
              
              /*******************************************************************************
              * Function Name: USBFS_CyBtldrCommStart
              ********************************************************************************
              *
              * Summary:
              *  Starts the component and enables the interrupt.
              *
              * Parameters:
              *  None.
              *
              * Return:
              *  None.
              *
              * Side Effects:
              *  This function starts the USB with 3V or 5V operation.
              *
              * Reentrant:
              *  No.
              *
              *******************************************************************************/
              void USBFS_CyBtldrCommStart(void) 
              {
                  CyGlobalIntEnable;      /* Enable Global Interrupts */
              
C51 COMPILER V9.51   USBFS_BOOT                                                            10/22/2015 22:07:37 PAGE 2   

                  /*Start USBFS Operation/device 0 and with 5V or 3V operation depend on Voltage Configuration in DWR */
                  USBFS_Start(0u, USBFS_DWR_VDDD_OPERATION);
              
                  /* USB component started, the correct enumeration will be checked in first Read operation */
                  USBFS_started = 1u;
              }
              
              
              /*******************************************************************************
              * Function Name: USBFS_CyBtldrCommStop.
              ********************************************************************************
              *
              * Summary:
              *  Disable the component and disable the interrupt.
              *
              * Parameters:
              *  None.
              *
              * Return:
              *  None.
              *
              *******************************************************************************/
              void USBFS_CyBtldrCommStop(void) 
              {
                  USBFS_Stop();
              }
              
              
              /*******************************************************************************
              * Function Name: USBFS_CyBtldrCommReset.
              ********************************************************************************
              *
              * Summary:
              *  Resets the receive and transmit communication Buffers.
              *
              * Parameters:
              *  None
              *
              * Return:
              *  None
              *
              * Reentrant:
              *  No
              *
              *******************************************************************************/
              void USBFS_CyBtldrCommReset(void) 
              {
                  USBFS_EnableOutEP(USBFS_BTLDR_OUT_EP);  /* Enable the OUT endpoint */
              }
              
              
              /*******************************************************************************
              * Function Name: USBFS_CyBtldrCommWrite.
              ********************************************************************************
              *
              * Summary:
              *  Allows the caller to write data to the boot loader host. The function will
              *  handle polling to allow a block of data to be completely sent to the host
              *  device.
              *
              * Parameters:
              *  pData:    A pointer to the block of data to send to the device
C51 COMPILER V9.51   USBFS_BOOT                                                            10/22/2015 22:07:37 PAGE 3   

              *  size:     The number of bytes to write.
              *  count:    Pointer to an unsigned short variable to write the number of
              *             bytes actually written.
              *  timeOut:  Number of units to wait before returning because of a timeout.
              *
              * Return:
              *  Returns the value that best describes the problem.
              *
              * Reentrant:
              *  No
              *
              *******************************************************************************/
              cystatus USBFS_CyBtldrCommWrite(const uint8 pData[], uint16 size, uint16 *count, uint8 timeOut) CYSMALL
                                                                          
              {
                  cystatus retCode;
                  uint16 timeoutMs;
              
                  timeoutMs = ((uint16) 10u * timeOut);  /* Convert from 10mS check to number 1mS checks */
              
                  /* Enable IN transfer */
                  USBFS_LoadInEP(USBFS_BTLDR_IN_EP, pData, USBFS_BTLDR_SIZEOF_READ_BUFFER);
              
                  /* Wait for the master to read it. */
                  while ((USBFS_GetEPState(USBFS_BTLDR_IN_EP) == USBFS_IN_BUFFER_FULL) &&
                         (0u != timeoutMs))
                  {
                      CyDelay(USBFS_BTLDR_WAIT_1_MS);
                      timeoutMs--;
                  }
              
                  if (USBFS_GetEPState(USBFS_BTLDR_IN_EP) == USBFS_IN_BUFFER_FULL)
                  {
                      retCode = CYRET_TIMEOUT;
                  }
                  else
                  {
                      *count = size;
                      retCode = CYRET_SUCCESS;
                  }
              
                  return(retCode);
              }
              
              
              /*******************************************************************************
              * Function Name: USBFS_CyBtldrCommRead.
              ********************************************************************************
              *
              * Summary:
              *  Allows the caller to read data from the boot loader host. The function will
              *  handle polling to allow a block of data to be completely received from the
              *  host device.
              *
              * Parameters:
              *  pData:    A pointer to the area to store the block of data received
              *             from the device.
              *  size:     The number of bytes to read.
              *  count:    Pointer to an unsigned short variable to write the number
              *             of bytes actually read.
              *  timeOut:  Number of units to wait before returning because of a timeOut.
              *            Timeout is measured in 10s of ms.
C51 COMPILER V9.51   USBFS_BOOT                                                            10/22/2015 22:07:37 PAGE 4   

              *
              * Return:
              *  Returns the value that best describes the problem.
              *
              * Reentrant:
              *  No
              *
              *******************************************************************************/
              cystatus USBFS_CyBtldrCommRead(uint8 pData[], uint16 size, uint16 *count, uint8 timeOut) CYSMALL
                                                                          
              {
                  cystatus retCode;
                  uint16 timeoutMs;
              
                  timeoutMs = ((uint16) 10u * timeOut);  /* Convert from 10mS check to number 1mS checks */
              
                  if (size > USBFS_BTLDR_SIZEOF_WRITE_BUFFER)
                  {
                      size = USBFS_BTLDR_SIZEOF_WRITE_BUFFER;
                  }
              
                  /* Wait on enumeration in first time */
                  if (0u != USBFS_started)
                  {
                      /* Wait for Device to enumerate */
                      while ((0u ==USBFS_GetConfiguration()) && (0u != timeoutMs))
                      {
                          CyDelay(USBFS_BTLDR_WAIT_1_MS);
                          timeoutMs--;
                      }
              
                      /* Enable first OUT, if enumeration complete */
                      if (0u != USBFS_GetConfiguration())
                      {
                          (void) USBFS_IsConfigurationChanged();  /* Clear configuration changes state status */
                          USBFS_CyBtldrCommReset();
                          USBFS_started = 0u;
                      }
                  }
                  else /* Check for configuration changes, has been done by Host */
                  {
                      if (0u != USBFS_IsConfigurationChanged()) /* Host could send double SET_INTERFACE request or RESET
             - */
                      {
                          if (0u != USBFS_GetConfiguration())   /* Init OUT endpoints when device reconfigured */
                          {
                              USBFS_CyBtldrCommReset();
                          }
                      }
                  }
              
                  timeoutMs = ((uint16) 10u * timeOut); /* Re-arm timeout */
              
                  /* Wait on next packet */
                  while((USBFS_GetEPState(USBFS_BTLDR_OUT_EP) != USBFS_OUT_BUFFER_FULL) && \
                        (0u != timeoutMs))
                  {
                      CyDelay(USBFS_BTLDR_WAIT_1_MS);
                      timeoutMs--;
                  }
              
                  /* OUT EP has completed */
C51 COMPILER V9.51   USBFS_BOOT                                                            10/22/2015 22:07:37 PAGE 5   

                  if (USBFS_GetEPState(USBFS_BTLDR_OUT_EP) == USBFS_OUT_BUFFER_FULL)
                  {
                      *count = USBFS_ReadOutEP(USBFS_BTLDR_OUT_EP, pData, size);
                      retCode = CYRET_SUCCESS;
                  }
                  else
                  {
                      *count = 0u;
                      retCode = CYRET_TIMEOUT;
                  }
              
                  return(retCode);
              }
              
              #endif /*  CYDEV_BOOTLOADER_IO_COMP == CyBtldr_USBFS */
 254          
 255          
 256          /* [] END OF FILE */
C51 COMPILER V9.51   USBFS_BOOT                                                            10/22/2015 22:07:37 PAGE 6   

ASSEMBLY LISTING OF GENERATED OBJECT CODE




MODULE INFORMATION:   STATIC OVERLAYABLE
   CODE SIZE        =   ----    ----
   CONSTANT SIZE    =   ----    ----
   XDATA SIZE       =   ----    ----
   PDATA SIZE       =   ----    ----
   DATA SIZE        =   ----    ----
   IDATA SIZE       =   ----    ----
   BIT SIZE         =   ----    ----
   EDATA SIZE       =   ----    ----
   HDATA SIZE       =   ----    ----
   XDATA CONST SIZE =   ----    ----
   FAR CONST SIZE   =   ----    ----
END OF MODULE INFORMATION.


C51 COMPILATION COMPLETE.  0 WARNING(S),  0 ERROR(S)
